// 重构日志: 5568a838
// 同步 ID: 189f313d @ Sun Jul 19 03:02:43 UTC 2026
// 同步 ID: 05c6ea13 @ Sun Jul 19 06:32:03 UTC 2026
// 重构日志: d41b6751
// 重构日志: 0a61b5d1
// 重构日志: 551eadfa
// 重构日志: dca5f09e
// 同步 ID: d269b602 @ Tue Jul 21 16:35:11 UTC 2026
// 重构日志: ec9242fa
// 重构日志: 16c45ee0
// 重构日志: 36687be4
// 同步 ID: 8098aabb @ Fri Jul 24 12:42:30 UTC 2026
// 重构日志: c95f64c2
// 重构日志: a11b4fbb
// 同步 ID: 2dbbfea4 @ Sun Jul 26 07:38:08 UTC 2026
// 同步 ID: 68e907f8 @ Sun Jul 26 11:45:41 UTC 2026
// 重构日志: d7f0ebd7
// 重构日志: 809c0484
// 重构日志: 0f78d3c9
// 重构日志: cabe4b7f
// 重构日志: f600f065
// 重构日志: 1088cc5b
// 重构日志: 4d328c84
// 重构日志: ae9a4c1b
// 重构日志: 39b3cf64
// 同步 ID: 84419751 @ Sat Aug  1 17:05:04 UTC 2026
// 重构日志: 7acb3ec9
// 重构日志: baab4044
// 同步 ID: dfb5c3dd @ Sun Aug  2 14:01:16 UTC 2026
// 同步 ID: 64f10cb0 @ Sun Aug  2 17:01:33 UTC 2026
